node : (node:42616) ExperimentalWarning: VM Modules is an experimental feature and might change at any time
At line:1 char:48
+ ... m-modules'; node node_modules/jest/bin/jest.js tests/auth.test.js --n ...
+                 ~~~~~~~~~~~~~~~~~~~~~~~~~~~~~~~~~~~~~~~~~~~~~~~~~~~~~~~~~
    + CategoryInfo          : NotSpecified: ((node:42616) Ex...nge at any time:String) [], RemoteException
    + FullyQualifiedErrorId : NativeCommandError
 
(Use `node --trace-warnings ...` to show where the warning was created)
(node:42616) [DEP0169] DeprecationWarning: `url.parse()` behavior is not standardized and prone to errors that have 
security implications. Use the WHATWG URL API instead. CVEs are not issued for `url.parse()` vulnerabilities.
  console.log
    Γ£à Connected to PostgreSQL database

      at BoundPool.log (db/connection.js:23:11)

  console.log
    Executed query {
      text: 'UPDATE users SET failed_attempts = 0, locked_until = NULL WHERE email = $1',
      duration: 257,
      rows: 1
    }

      at log (db/connection.js:37:13)

  console.log
    Executed query { text: 'DELETE FROM refresh_tokens', duration: 3, rows: 0 }

      at log (db/connection.js:37:13)

  console.log
    Executed query { text: 'DELETE FROM audit_logs', duration: 2, rows: 0 }

      at log (db/connection.js:37:13)

  console.log
    Executed query {
      text: 'SELECT u.id, u.email, u.password_hash, u.first_name, u.last_name, \n' +
        '              u.failed_attempts, u.locked_until, u.is_deleted, r.name as role, r.id as role_id\n' +
        '       FROM users u\n' +
        '       JOIN roles r ON u.role_id = r.id\n' +
        '       WHERE u.email = $1',
      duration: 4,
      rows: 1
    }

      at log (db/connection.js:37:13)

  console.log
    Executed query {
      text: 'UPDATE users \n' +
        '         SET failed_attempts = $1, locked_until = $2, updated_at = CURRENT_TIMESTAMP\n' +
        '         WHERE id = $3',
      duration: 4,
      rows: 1
    }

      at log (db/connection.js:37:13)

  console.log
    Executed query {
      text: 'INSERT INTO audit_logs (user_id, action, ip_address, user_agent, details)\n' +
        '         VALUES ($1, $2, $3, $4, $5)',
      duration: 12,
      rows: 1
    }

      at log (db/connection.js:37:13)

  console.log
    Executed query {
      text: 'INSERT INTO audit_logs (user_id, action, entity_type, entity_id, ip_address, user_agent, details)\n' +
        '         VALUES ($1, $2, $3, $4, $5, $6, $7)',
      duration: 25,
      rows: 1
    }

      at log (db/connection.js:37:13)

  console.log
    Γ£à Connected to PostgreSQL database

      at BoundPool.log (db/connection.js:23:11)

  console.log
    Executed query {
      text: 'UPDATE users SET failed_attempts = 0, locked_until = NULL WHERE email = $1',
      duration: 176,
      rows: 1
    }

      at log (db/connection.js:37:13)

  console.log
    Executed query { text: 'DELETE FROM refresh_tokens', duration: 4, rows: 0 }

      at log (db/connection.js:37:13)

  console.log
    Executed query { text: 'DELETE FROM audit_logs', duration: 4, rows: 2 }

      at log (db/connection.js:37:13)

  console.log
    Executed query {
      text: 'SELECT u.id, u.email, u.password_hash, u.first_name, u.last_name, \n' +
        '              u.failed_attempts, u.locked_until, u.is_deleted, r.name as role, r.id as role_id\n' +
        '       FROM users u\n' +
        '       JOIN roles r ON u.role_id = r.id\n' +
        '       WHERE u.email = $1',
      duration: 4,
      rows: 1
    }

      at log (db/connection.js:37:13)

  console.log
    Executed query {
      text: 'UPDATE users \n' +
        '         SET failed_attempts = $1, locked_until = $2, updated_at = CURRENT_TIMESTAMP\n' +
        '         WHERE id = $3',
      duration: 4,
      rows: 1
    }

      at log (db/connection.js:37:13)

  console.log
    Executed query {
      text: 'INSERT INTO audit_logs (user_id, action, ip_address, user_agent, details)\n' +
        '         VALUES ($1, $2, $3, $4, $5)',
      duration: 12,
      rows: 1
    }

      at log (db/connection.js:37:13)

  console.log
    Executed query {
      text: 'SELECT failed_attempts FROM users WHERE email = $1',
      duration: 1,
      rows: 1
    }

      at log (db/connection.js:37:13)

  console.log
    Executed query {
      text: 'INSERT INTO audit_logs (user_id, action, entity_type, entity_id, ip_address, user_agent, details)\n' +
        '         VALUES ($1, $2, $3, $4, $5, $6, $7)',
      duration: 6,
      rows: 1
    }

      at log (db/connection.js:37:13)

  console.log
    Executed query {
      text: 'UPDATE users SET failed_attempts = 0, locked_until = NULL WHERE email = $1',
      duration: 1,
      rows: 1
    }

      at log (db/connection.js:37:13)

  console.log
    Executed query { text: 'DELETE FROM refresh_tokens', duration: 0, rows: 0 }

      at log (db/connection.js:37:13)

  console.log
    Executed query { text: 'DELETE FROM audit_logs', duration: 1, rows: 2 }

      at log (db/connection.js:37:13)

  console.log
    Executed query {
      text: 'SELECT u.id, u.email, u.password_hash, u.first_name, u.last_name, \n' +
        '              u.failed_attempts, u.locked_until, u.is_deleted, r.name as role, r.id as role_id\n' +
        '       FROM users u\n' +
        '       JOIN roles r ON u.role_id = r.id\n' +
        '       WHERE u.email = $1',
      duration: 1,
      rows: 1
    }

      at log (db/connection.js:37:13)

  console.log
    Executed query {
      text: 'UPDATE users \n' +
        '         SET failed_attempts = $1, locked_until = $2, updated_at = CURRENT_TIMESTAMP\n' +
        '         WHERE id = $3',
      duration: 4,
      rows: 1
    }

      at log (db/connection.js:37:13)

  console.log
    Executed query {
      text: 'INSERT INTO audit_logs (user_id, action, ip_address, user_agent, details)\n' +
        '         VALUES ($1, $2, $3, $4, $5)',
      duration: 4,
      rows: 1
    }

      at log (db/connection.js:37:13)

  console.log
    Executed query {
      text: 'INSERT INTO audit_logs (user_id, action, entity_type, entity_id, ip_address, user_agent, details)\n' +
        '         VALUES ($1, $2, $3, $4, $5, $6, $7)',
      duration: 6,
      rows: 1
    }

      at log (db/connection.js:37:13)

  console.log
    Executed query {
      text: 'SELECT u.id, u.email, u.password_hash, u.first_name, u.last_name, \n' +
        '              u.failed_attempts, u.locked_until, u.is_deleted, r.name as role, r.id as role_id\n' +
        '       FROM users u\n' +
        '       JOIN roles r ON u.role_id = r.id\n' +
        '       WHERE u.email = $1',
      duration: 1,
      rows: 1
    }

      at log (db/connection.js:37:13)

  console.log
    Executed query {
      text: 'UPDATE users \n' +
        '         SET failed_attempts = $1, locked_until = $2, updated_at = CURRENT_TIMESTAMP\n' +
        '         WHERE id = $3',
      duration: 2,
      rows: 1
    }

      at log (db/connection.js:37:13)

  console.log
    Executed query {
      text: 'INSERT INTO audit_logs (user_id, action, ip_address, user_agent, details)\n' +
        '         VALUES ($1, $2, $3, $4, $5)',
      duration: 5,
      rows: 1
    }

      at log (db/connection.js:37:13)

  console.log
    Executed query {
      text: 'INSERT INTO audit_logs (user_id, action, entity_type, entity_id, ip_address, user_agent, details)\n' +
        '         VALUES ($1, $2, $3, $4, $5, $6, $7)',
      duration: 5,
      rows: 1
    }

      at log (db/connection.js:37:13)

  console.log
    Executed query {
      text: 'SELECT u.id, u.email, u.password_hash, u.first_name, u.last_name, \n' +
        '              u.failed_attempts, u.locked_until, u.is_deleted, r.name as role, r.id as role_id\n' +
        '       FROM users u\n' +
        '       JOIN roles r ON u.role_id = r.id\n' +
        '       WHERE u.email = $1',
      duration: 1,
      rows: 1
    }

      at log (db/connection.js:37:13)

  console.log
    Executed query {
      text: 'UPDATE users \n' +
        '         SET failed_attempts = $1, locked_until = $2, updated_at = CURRENT_TIMESTAMP\n' +
        '         WHERE id = $3',
      duration: 3,
      rows: 1
    }

      at log (db/connection.js:37:13)

  console.log
    Executed query {
      text: 'INSERT INTO audit_logs (user_id, action, ip_address, user_agent, details)\n' +
        '         VALUES ($1, $2, $3, $4, $5)',
      duration: 4,
      rows: 1
    }

      at log (db/connection.js:37:13)

  console.log
    Executed query {
      text: 'INSERT INTO audit_logs (user_id, action, entity_type, entity_id, ip_address, user_agent, details)\n' +
        '         VALUES ($1, $2, $3, $4, $5, $6, $7)',
      duration: 6,
      rows: 1
    }

      at log (db/connection.js:37:13)

  console.log
    Executed query {
      text: 'UPDATE users SET failed_attempts = 0, locked_until = NULL WHERE email = $1',
      duration: 2,
      rows: 1
    }

      at log (db/connection.js:37:13)

  console.log
    Executed query { text: 'DELETE FROM refresh_tokens', duration: 0, rows: 0 }

      at log (db/connection.js:37:13)

  console.log
    Executed query { text: 'DELETE FROM audit_logs', duration: 1, rows: 6 }

      at log (db/connection.js:37:13)

  console.log
    Executed query {
      text: "UPDATE users SET failed_attempts = 5, locked_until = NOW() + INTERVAL '15 minutes' WHERE email = $1",
      duration: 1,
      rows: 1
    }

      at log (db/connection.js:37:13)

  console.log
    Executed query {
      text: 'UPDATE users SET failed_attempts = 0, locked_until = NULL WHERE email = $1',
      duration: 1,
      rows: 1
    }

      at log (db/connection.js:37:13)

  console.log
    Executed query { text: 'DELETE FROM refresh_tokens', duration: 0, rows: 0 }

      at log (db/connection.js:37:13)

  console.log
    Executed query { text: 'DELETE FROM audit_logs', duration: 1, rows: 0 }

      at log (db/connection.js:37:13)

  console.log
    Executed query {
      text: 'UPDATE users SET failed_attempts = 0, locked_until = NULL WHERE email = $1',
      duration: 3,
      rows: 1
    }

      at log (db/connection.js:37:13)

  console.log
    Executed query { text: 'DELETE FROM refresh_tokens', duration: 0, rows: 0 }

      at log (db/connection.js:37:13)

  console.log
    Executed query { text: 'DELETE FROM audit_logs', duration: 0, rows: 0 }

      at log (db/connection.js:37:13)

  console.log
    Executed query {
      text: 'UPDATE users SET failed_attempts = 0, locked_until = NULL WHERE email = $1',
      duration: 1,
      rows: 1
    }

      at log (db/connection.js:37:13)

  console.log
    Executed query { text: 'DELETE FROM refresh_tokens', duration: 1, rows: 0 }

      at log (db/connection.js:37:13)

  console.log
    Executed query { text: 'DELETE FROM audit_logs', duration: 1, rows: 0 }

      at log (db/connection.js:37:13)

  console.log
    Executed query {
      text: 'UPDATE users SET failed_attempts = 0, locked_until = NULL WHERE email = $1',
      duration: 1,
      rows: 1
    }

      at log (db/connection.js:37:13)

  console.log
    Executed query { text: 'DELETE FROM refresh_tokens', duration: 0, rows: 0 }

      at log (db/connection.js:37:13)

  console.log
    Executed query { text: 'DELETE FROM audit_logs', duration: 1, rows: 0 }

      at log (db/connection.js:37:13)

  console.log
    Executed query {
      text: 'SELECT last_login_ip FROM users WHERE email = $1',
      duration: 1,
      rows: 1
    }

      at log (db/connection.js:37:13)

  console.log
    Executed query {
      text: 'SELECT * FROM audit_logs WHERE action = $1',
      duration: 1,
      rows: 0
    }

      at log (db/connection.js:37:13)

FAIL tests/auth.test.js (6.91 s)
  Authentication API
    ├ù Γ£ö Successful login returns tokens and user data (853 ms)
    ΓêÜ Γ£ö Failed login increments failed_attempts (694 ms)
    ├ù Γ£ö Account lock after 5 failed attempts (1495 ms)
    ├ù Γ£ö Locked account cannot login even with correct password (16 ms)
    ├ù Γ£ö Refresh token rotation works (13 ms)
    ΓêÜ Γ£ö Expired access token returns 401 (21 ms)
    ├ù Γ£ö JWT tampering returns 401 (11 ms)
    ├ù Γ£ö IP address and Audit logs are stored on login (16 ms)

  ΓùÅ Authentication API ΓÇ║ Γ£ö Successful login returns tokens and user data

    expect(received).toBe(expected) // Object.is equality

    Expected: 200
    Received: 401

    [0m [90m 23 |[39m             [33m.[39msend(adminCredentials)[33m;[39m
     [90m 24 |[39m
    [31m[1m>[22m[39m[90m 25 |[39m         
expect(res[33m.[39mstatusCode)[33m.[39mtoBe([35m200[39m)[33m;[39m
     [90m    |[39m                                [31m[1m^[22m[39m
     [90m 26 |[39m         expect(res[33m.[39mbody[33m.[39msuccess)[33m.[39mtoBe([36mtrue[39m)[33m;[39m
     [90m 27 |[39m         
expect(res[33m.[39mbody[33m.[39mdata[33m.[39maccessToken)[33m.[39mtoBeDefined()[33m;[39m
     [90m 28 |[39m         
expect(res[33m.[39mbody[33m.[39mdata[33m.[39mrefreshToken)[33m.[39mtoBeDefined()[33m;[39m[0m

      at Object.toBe (tests/auth.test.js:25:32)

  ΓùÅ Authentication API ΓÇ║ Γ£ö Account lock after 5 failed attempts

    expect(received).toBe(expected) // Object.is equality

    Expected: 423
    Received: 429

    [0m [90m 53 |[39m             [33m.[39msend({ email[33m:[39m adminCredentials[33m.[39memail[33m,[39m 
password[33m:[39m [32m'WrongPassword'[39m })[33m;[39m
     [90m 54 |[39m
    [31m[1m>[22m[39m[90m 55 |[39m         
expect(res[33m.[39mstatusCode)[33m.[39mtoBe([35m423[39m)[33m;[39m [90m// Locked[39m
     [90m    |[39m                                [31m[1m^[22m[39m
     [90m 56 |[39m         
expect(res[33m.[39mbody[33m.[39mmessage)[33m.[39mtoContain([32m'locked'[39m)[33m;[39m
     [90m 57 |[39m
     [90m 58 |[39m         [36mconst[39m userRes [33m=[39m [36mawait[39m query([32m'SELECT locked_until FROM 
users WHERE email = $1'[39m[33m,[39m [adminCredentials[33m.[39memail])[33m;[39m[0m

      at Object.toBe (tests/auth.test.js:55:32)

  ΓùÅ Authentication API ΓÇ║ Γ£ö Locked account cannot login even with correct password

    expect(received).toBe(expected) // Object.is equality

    Expected: 423
    Received: 429

    [0m [90m 68 |[39m             [33m.[39msend(adminCredentials)[33m;[39m
     [90m 69 |[39m
    [31m[1m>[22m[39m[90m 70 |[39m         
expect(res[33m.[39mstatusCode)[33m.[39mtoBe([35m423[39m)[33m;[39m
     [90m    |[39m                                [31m[1m^[22m[39m
     [90m 71 |[39m         expect(res[33m.[39mbody[33m.[39msuccess)[33m.[39mtoBe([36mfalse[39m)[33m;[39m
     [90m 72 |[39m     })[33m;[39m
     [90m 73 |[39m[0m

      at Object.toBe (tests/auth.test.js:70:32)

  ΓùÅ Authentication API ΓÇ║ Γ£ö Refresh token rotation works

    TypeError: Cannot read properties of undefined (reading 'refreshToken')

    [0m [90m 78 |[39m             [33m.[39msend(adminCredentials)[33m;[39m
     [90m 79 |[39m
    [31m[1m>[22m[39m[90m 80 |[39m         [36mconst[39m oldRefreshToken [33m=[39m 
loginRes[33m.[39mbody[33m.[39mdata[33m.[39mrefreshToken[33m;[39m
     [90m    |[39m                                                    [31m[1m^[22m[39m
     [90m 81 |[39m
     [90m 82 |[39m         [90m// Refresh tokens[39m
     [90m 83 |[39m         [36mconst[39m refreshRes [33m=[39m [36mawait[39m request(app)[0m

      at Object.refreshToken (tests/auth.test.js:80:52)

  ΓùÅ Authentication API ΓÇ║ Γ£ö JWT tampering returns 401

    TypeError: Cannot read properties of undefined (reading 'accessToken')

    [0m [90m 117 |[39m             [33m.[39msend(adminCredentials)[33m;[39m
     [90m 118 |[39m
    [31m[1m>[22m[39m[90m 119 |[39m         [36mlet[39m [header[33m,[39m payload[33m,[39m signature] 
[33m=[39m validTokenRes[33m.[39mbody[33m.[39mdata[33m.[39maccessToken[33m.[39msplit([32m'.'[39m)[33m;[39m
     [90m     |[39m                                                                    [31m[1m^[22m[39m
     [90m 120 |[39m
     [90m 121 |[39m         [90m// Tamper with payload[39m
     [90m 122 |[39m         [36mconst[39m decodedPayload [33m=[39m 
[33mJSON[39m[33m.[39mparse([33mBuffer[39m[33m.[39m[36mfrom[39m(payload[33m,[39m 
[32m'base64'[39m)[33m.[39mtoString())[33m;[39m[0m

      at Object.accessToken (tests/auth.test.js:119:68)

  ΓùÅ Authentication API ΓÇ║ Γ£ö IP address and Audit logs are stored on login

    expect(received).toBeGreaterThan(expected)

    Expected: > 0
    Received:   0

    [0m [90m 142 |[39m
     [90m 143 |[39m         [36mconst[39m auditRes [33m=[39m [36mawait[39m query([32m'SELECT * FROM 
audit_logs WHERE action = $1'[39m[33m,[39m [[32m'login_success'[39m])[33m;[39m
    [31m[1m>[22m[39m[90m 144 |[39m         
expect(auditRes[33m.[39mrows[33m.[39mlength)[33m.[39mtoBeGreaterThan([35m0[39m)[33m;[39m
     [90m     |[39m                                      [31m[1m^[22m[39m
     [90m 145 |[39m     })[33m;[39m
     [90m 146 |[39m })[33m;[39m
     [90m 147 |[39m[0m

      at Object.toBeGreaterThan (tests/auth.test.js:144:38)

Test Suites: 1 failed, 1 total
Tests:       6 failed, 2 passed, 8 total
Snapshots:   0 total
Time:        7.045 s
Ran all test suites matching /tests\\auth.test.js/i.
Jest did not exit one second after the test run has completed.

'This usually means that there are asynchronous operations that weren't stopped in your tests. Consider running Jest 
with `--detectOpenHandles` to troubleshoot this issue.
